// Jest Snapshot v1, https://goo.gl/fbAQLP

exports[`should render wrapped component 1`] = `
<Dashboard
  dispatch={[Function]}
  history={
    Object {
      "action": "PUSH",
      "block": [Function],
      "canGo": [Function],
      "createHref": [Function],
      "entries": Array [
        Object {
          "hash": "",
          "key": "q5ldao",
          "pathname": "/",
          "search": "",
          "state": undefined,
        },
        Object {
          "hash": "",
          "key": "nt3yps",
          "pathname": "/",
          "search": "",
          "state": undefined,
        },
      ],
      "go": [Function],
      "goBack": [Function],
      "goForward": [Function],
      "index": 1,
      "length": 2,
      "listen": [Function],
      "location": Object {
        "hash": "",
        "key": "nt3yps",
        "pathname": "/",
        "search": "",
        "state": undefined,
      },
      "push": [Function],
      "replace": [Function],
    }
  }
  user={
    Object {
      "isAuth": true,
      "user": Object {},
    }
  }
/>
`;
