// Jest Snapshot v1, https://goo.gl/fbAQLP

exports[`render home component 1`] = `
<Connect(Login)
  location="/login"
>
  <Login
    dispatch={[Function]}
    location="/login"
  >
    <div
      className="login-wrapper"
    >
      <header
        className="login-wrapper-header"
      >
        Job Search
      </header>
      <form
        className="login-form"
        onSubmit={[Function]}
      >
        <h3
          className="login-form-header"
        >
          Sign up with us!
        </h3>
        <button
          className="default-button login-form-github"
          type="submit"
        >
          Signup with Github
        </button>
        <div
          className="login-form-or"
        >
          <hr />
          or
          <hr />
        </div>
        <label
          className="login-form-email"
        >
          Email Address
        </label>
        <input
          className=""
          name="email"
          onBlur={[Function]}
          onChange={[Function]}
          required={true}
          type="email"
          value=""
        />
        <label>
          Password:
        </label>
        <input
          className=""
          name="password"
          onBlur={[Function]}
          onChange={[Function]}
          required={true}
          type="password"
          value=""
        />
        <button
          className="default-button login-form-sign-in"
          onClick={[Function]}
          type="submit"
        >
           
          Register
        </button>
      </form>
    </div>
  </Login>
</Connect(Login)>
`;
