// Jest Snapshot v1, https://goo.gl/fbAQLP

exports[`render home component 1`] = `
<div
  className="info-card"
  style={
    Object {
      "backgroundColor": Array [
        undefined,
      ],
    }
  }
>
  <i
    className="base fa undefined"
  />
  <h1 />
  <p />
  <Link
    replace={false}
    style={
      Object {
        "color": Array [
          undefined,
        ],
      }
    }
  />
</div>
`;
